[snapedit.app/remove-bg/upload]
[backblue.gif]
[fade.gif]
[index.html]
[snapedit.app/favicon/apple-touch-icon.png]
[snapedit.app/favicon/favicon-32x32.png]
[snapedit.app/favicon/favicon-16x16.png]
[snapedit.app/_next/static/css/0c54b53b45559711.css]
[snapedit.app/_next/static/chunks/polyfills-c67a75d1b6f99dc8.js]
[snapedit.app/_next/static/chunks/webpack-87561ae9691520e0.js]
[snapedit.app/_next/static/chunks/framework-560765ab0625ba27.js]
[snapedit.app/_next/static/chunks/main-e9174d2d1fb411f0.js]
[snapedit.app/_next/static/chunks/pages/_app-4f1c7f3c6c2be15f.js]
[snapedit.app/_next/static/chunks/1501-87ca9553cd374224.js]
[snapedit.app/_next/static/chunks/2512-dab31f543c170ba5.js]
[snapedit.app/_next/static/chunks/159-42378c7f3366e254.js]
[snapedit.app/_next/static/chunks/9667-a2cd6a9d47b9e40f.js]
[snapedit.app/_next/static/chunks/2130-4e16047c8d03e5b0.js]
[snapedit.app/_next/static/chunks/9646-fda8f9e32f118c64.js]
[snapedit.app/_next/static/chunks/5813-adc48d00897fd0eb.js]
[snapedit.app/_next/static/chunks/8838-9ea9a75e231aaa1e.js]
[snapedit.app/_next/static/chunks/pages/remove-bg/upload-5d50b5239b48dc81.js]
[snapedit.app/_next/static/frJygawZwfBfrhU0Qb9h0/_buildManifest.js]
[snapedit.app/_next/static/frJygawZwfBfrhU0Qb9h0/_ssgManifest.js]
[assets.snapedit.app/images/qrcode-snapedit.png]
[snapedit.app/remove-bg/upload]
[snapedit.app/cdn-cgi/scripts/7d0fa10a/cloudflare-static/rocket-loader.min.js]
[snapedit.app/_next/static/media/ajax-loader.0b80f665.gif]
[snapedit.app/_next/static/css/0c54b53b45559711.css]
